123456
12345
password
password1
123456789
12345678
1234567890
abc123
computer
tigger
1234
qwerty
money
carmen
mickey
secret
summer
internet
a1b2c3
123
service
canada
hello
ranger
shadow
baseball
donald
harley
hockey
letmein
maggie
mike
mustang
snoopy
buster
dragon
granny
coffee
falcon
freedom
gandalf
green
helpme
linda
magic
merlin
newyork
soccer
thomas
wizard
asdfgh
bandit
batman
boris
butthead
dorothy
eeyore
fishing
football
george
happy
iloveyou
jennifer
jonathan
love
marina
master
missy
monday
monkey
natasha
ncc1701
pamela
pepper
piglet
poohbear
pookie
rabbit
rachel
rocket
rose
smile
sparky
spring
steven
success
sunshine
victoria
whatever
zapata
8675309
amanda
andy
angel
august
barney
biteme
boomer
brian
casey
cowboy
delta
doctor
fisher
pinkie
island
john
joshua
karen
marley
orange
please
rascal
richard
sarah
scooter
shalom
silver
skippy
stanley
taylor
welcome
zephyr
111111
aaaaaa
access
albert
alexander
andrea
anna
anthony
asdfjkl;
ashley
basketball
beavis
black
bob
booboo
bradley
brandon
buddy
caitlin
camaro
charlie
chicken
chris
cindy
cricket
dakota
dallas
daniel
david
debbie
dolphin
elephant
emily
friend
fucker
ginger
goodluck
hammer
heather
iceman
jason
jessica
minute
jesus
joseph
jupiter
justin
kevin
knight
lacrosse
lakers
lizard
madison
mary
mother
muffin
murphy
nirvana
paris
pentium
phoenix
picture
rainbow
sandy
saturn
scott
shannon
shithead
skeeter
sophie
special
stephanie
stephen
steve
sweetie
teacher
tennis
test
test123
tommy
topgun
tristan
wally
william
wilson
1q2w3e
654321
666666
a12345
a1b2c3d4
alpha
amber
angela
angie
archie
asdf
blazer
bond007
booger
charles
christin
claire
control
danny
david1
dennis
digital
disney
edward
elvis
felix
flipper
franklin
frodo
honda
horses
hunter
indigo
james
jasper
jeremy
julian
kelsey
killer
lauren
marie
maryjane
matrix
maverick
mayday
mercury
mitchell
morgan
mountain
niners
nothing
oliver
peace
peanut
pearljam
phantom
popcorn
princess
psycho
pumpkin
purple
randy
rebecca
reddog
robert
rocky
roses
salmon
samson
sharon
sierra
smokey
startrek
steelers
stimpy
sunflower
superman
support
sydney
techno
walter
willie
willow
winner
ziggy
zxcvbnm
alaska
alexis
alice
animal
apples
barbara
benjamin
billy
blue
bluebird
bobby
bonnie
bubba
camera
chocolate
clark
claudia
cocacola
compton
connect
cookie
cruise
douglas
dreamer
dreams
duckie
eagles
eddie
einstein
enter
explorer
faith
family
cornered
ferrari
flamingo
flower
foxtrot
francis
freddy
friday
froggy
giants
gizmo
global
goofy
happy1
hendrix
henry
herman
homer
honey
house
houston
iguana
indiana
insane
inside
irish
ironman
jake
jasmin
jeanne
jerry
joey
justice
katherine
kermit
kitty
koala
larry
leslie
logan
lucky
mark
martin
matt
minnie
misty
mitch
mouse
nancy
nascar
nelson
pantera
parker
penguin
peter
piano
pizza
prince
punkin
pyramid
raymond
robin
roger
rosebud
route66
royal
running
sadie
sasha
security
sheena
sheila
skiing
snapple
snowball
sparrow
spencer
spike
star
stealth
student
sunny
sylvia
tamara
taurus
teresa
theresa
thunderbird
tigers
tony
toyota
travel
tuesday
victory
viper1
wesley
whisky
winnie
winter
wolves
xyz123
zorro
123123
1234567
696969
888888
Anthony
Joshua
Matthew
Tigger
aaron
abby
abcdef
adidas
adrian
alfred
arthur
athena
austin
awesome
badger
bamboo
beagle
bears
beatles
beautiful
beaver
benny
bigmac
bingo
bitch
blonde
boogie
boston
brenda
bright
bubba1
bubbles
buffy
button
buttons
cactus
candy
captain
carlos
caroline
carrie
casper
catch22
chance
charity
charlotte
cheese
cheryl
chloe
